// Jest Snapshot v1, https://goo.gl/fbAQLP

exports[`Country Graph Container renders correctly 1`] = `ShallowWrapper {}`;
