// Jest Snapshot v1, https://goo.gl/fbAQLP

exports[`Global CFR renders correctly 1`] = `ShallowWrapper {}`;
