// Jest Snapshot v1, https://goo.gl/fbAQLP

exports[`Global Changes Bar renders correctly 1`] = `ShallowWrapper {}`;
