// Jest Snapshot v1, https://goo.gl/fbAQLP

exports[`Daily Bar renders correctly 1`] = `ShallowWrapper {}`;
