// Jest Snapshot v1, https://goo.gl/fbAQLP

exports[`Country Line renders correctly 1`] = `ShallowWrapper {}`;
