// Jest Snapshot v1, https://goo.gl/fbAQLP

exports[`Global Deaths Bar renders correctly 1`] = `ShallowWrapper {}`;
