// Jest Snapshot v1, https://goo.gl/fbAQLP

exports[`World Doughnut renders correctly 1`] = `ShallowWrapper {}`;
