// Jest Snapshot v1, https://goo.gl/fbAQLP

exports[`Comparison Line renders correctly 1`] = `[Function]`;
